src/components/AfiliadosView.tsx(4,5): error TS6133: 'Users' is declared but its value is never read.
src/components/AfiliadosView.tsx(5,5): error TS6133: 'Clock' is declared but its value is never read.
src/components/AfiliadosView.tsx(5,12): error TS6133: 'Mail' is declared but its value is never read.
src/components/AfiliadosView.tsx(5,18): error TS6133: 'Package' is declared but its value is never read.
src/components/Dashboard.tsx(16,7): error TS6133: 'generateMockSales' is declared but its value is never read.
src/components/MercadoView.tsx(6,25): error TS6133: 'Calendar' is declared but its value is never read.
src/components/MercadoView.tsx(6,35): error TS6133: 'X' is declared but its value is never read.
src/components/MercadoView.tsx(6,38): error TS6133: 'BarChart3' is declared but its value is never read.
src/components/MercadoView.tsx(6,49): error TS6133: 'ArrowDownRight' is declared but its value is never read.
src/components/MercadoView.tsx(18,12): error TS6133: 'period' is declared but its value is never read.
src/components/MercadoView.tsx(18,20): error TS6133: 'setPeriod' is declared but its value is never read.
src/components/MercadoView.tsx(21,12): error TS6133: 'showDatePicker' is declared but its value is never read.
src/components/MercadoView.tsx(26,11): error TS6133: 'startDRef' is declared but its value is never read.
src/components/MercadoView.tsx(33,11): error TS6133: 'startInputRef' is declared but its value is never read.
src/components/MercadoView.tsx(34,11): error TS6133: 'endInputRef' is declared but its value is never read.
src/components/MercadoView.tsx(64,11): error TS6133: 'updateFromParts' is declared but its value is never read.
src/components/PremiacoesView.tsx(9,1): error TS6133: 'useState' is declared but its value is never read.
src/components/ProdutosView.tsx(5,11): error TS6133: 'Search' is declared but its value is never read.
src/components/ProdutosView.tsx(13,1): error TS6133: 'useEffect' is declared but its value is never read.
src/components/ProdutosView.tsx(19,24): error TS6133: 'setSearchTerm' is declared but its value is never read.
src/components/ProdutosView.tsx(22,26): error TS6133: 'setFilterStatus' is declared but its value is never read.
src/components/VendasView.tsx(5,5): error TS6133: 'CheckCircle2' is declared but its value is never read.
src/components/VendasView.tsx(5,19): error TS6133: 'XCircle' is declared but its value is never read.
src/components/VendasView.tsx(5,28): error TS6133: 'Clock' is declared but its value is never read.
src/components/VendasView.tsx(13,7): error TS6133: 'generateMockTransactions' is declared but its value is never read.
