src/components/PagamentosView.tsx(3,25): error TS6133: 'Smartphone' is declared but its value is never read.
src/components/SaqueView.tsx(5,5): error TS6133: 'Smartphone' is declared but its value is never read.
